// Vitest Snapshot v1, https://vitest.dev/guide/snapshot.html

exports[`Folder Controls > should render controls within a folder 1`] = `
"<div style=\\"left: 704px; top: 10px;\\" class=\\"absolute select-none z-24 w-280px font-sans text-xs\\">
  <div tabindex=\\"0\\" class=\\"bg-white shadow-xl rounded border-4 border-solid border-black\\">
    <header class=\\"relative cursor-grabbing p-4 flex justify-between text-gray-200 relative\\"><i class=\\"h-4 w-4 p-1.5 flex items-center line-height-0 rounded-full bg-gray-100 text-xs\\">üç∞</i>
      <div><i class=\\"i-ic-baseline-drag-indicator\\"></i><i class=\\"i-ic-baseline-drag-indicator\\"></i><i class=\\"i-ic-baseline-drag-indicator\\"></i></div>
      <div></div>
    </header>
    <div class=\\"mb-4\\"><button class=\\"flex items-center justify-between w-full py-2 px-4 bg-gray-100 border-none text-gray-400 font-bold text-xs font-sans cursor-pointer\\" aria-expanded=\\"false\\" aria-haspopup=\\"true\\" role=\\"button\\" data-folder=\\"camera\\" tabindex=\\"0\\"><span>camera</span><i class=\\"i-ic:baseline-keyboard-arrow-down\\"></i></button>
      <transition-stub name=\\"slide\\" enteractiveclass=\\" animate-fade-in animate-duration-200 animate-ease-in-out\\" leaveactiveclass=\\" animate-fade-out animate-duration-200 animate-ease-in-out\\" appear=\\"false\\" persisted=\\"true\\" css=\\"true\\">
        <div class=\\"bg-white rounded-b pt-4\\" role=\\"menu\\" style=\\"display: none;\\">
          <div class=\\"flex px-4 justify-between gap-1 items-center mb-2\\"><label class=\\"text-gray-500 w-1/3\\">position</label>
            <div class=\\"w-2/3 flex justify-between gap-0.5\\">
              <div class=\\"flex items-center w-1/3 bg-gray-100 rounded\\"><span class=\\"font-bold px-1 py-1 text-0.65rem text-gray-300\\">x</span><input id=\\"cameraPosition-x\\" type=\\"number\\" step=\\"0.1\\" class=\\"w-full px-0 p-1 text-right text-0.65rem text-gray-400 bg-transparent focus:border-gray-200 outline-none border-none font-sans appearence-none\\"></div>
              <div class=\\"flex items-center w-1/3 bg-gray-100 rounded\\"><span class=\\"font-bold px-1 py-1 text-0.65rem text-gray-300\\">y</span><input id=\\"cameraPosition-y\\" type=\\"number\\" step=\\"0.1\\" class=\\"w-full px-0 p-1 text-right text-0.65rem text-gray-400 bg-transparent focus:border-gray-200 outline-none border-none font-sans appearence-none\\"></div>
              <div class=\\"flex items-center w-1/3 bg-gray-100 rounded\\"><span class=\\"font-bold px-1 py-1 text-0.65rem text-gray-300\\">z</span><input id=\\"cameraPosition-z\\" type=\\"number\\" step=\\"0.1\\" class=\\"w-full px-0 p-1 text-right text-0.65rem text-gray-400 bg-transparent focus:border-gray-200 outline-none border-none font-sans appearence-none\\"></div>
            </div>
          </div>
        </div>
      </transition-stub>
    </div>
    <!--v-if-->
  </div>
</div>"
`;
