// Vitest Snapshot v1, https://vitest.dev/guide/snapshot.html

exports[`Vector Control > should render multiple numeric inputs 1`] = `
"<div style=\\"left: 704px; top: 10px;\\" class=\\"absolute select-none z-24 w-280px font-sans text-xs\\">
  <div tabindex=\\"0\\" class=\\"bg-white shadow-xl rounded border-4 border-solid border-black\\">
    <header class=\\"relative cursor-grabbing p-4 flex justify-between text-gray-200 relative\\"><i class=\\"h-4 w-4 p-1.5 flex items-center line-height-0 rounded-full bg-gray-100 text-xs\\">🍰</i>
      <div><i class=\\"i-ic-baseline-drag-indicator\\"></i><i class=\\"i-ic-baseline-drag-indicator\\"></i><i class=\\"i-ic-baseline-drag-indicator\\"></i></div>
      <div></div>
    </header>
    <!--v-if-->
    <div class=\\"flex px-4 justify-between gap-1 items-center mb-2\\"><label for=\\"position\\" title=\\"position\\" class=\\"text-gray-500 w-1/3 truncate\\">position</label>
      <div class=\\"relative w-2/3 flex justify-between gap-0.5\\">
        <div class=\\"flex items-center bg-gray-100 rounded w-1/3 w-1/2\\"><span class=\\"font-bold px-1 py-1 text-0.65rem text-gray-300\\">x</span><input id=\\"position-x\\" type=\\"number\\" step=\\"1\\" class=\\"w-full px-0 p-1 text-right text-0.65rem text-gray-400 bg-transparent focus:border-gray-200 outline-none border-none font-sans appearence-none\\"></div>
        <div class=\\"flex items-center bg-gray-100 rounded w-1/3 w-1/2\\"><span class=\\"font-bold px-1 py-1 text-0.65rem text-gray-300\\">y</span><input id=\\"position-y\\" type=\\"number\\" step=\\"1\\" class=\\"w-full px-0 p-1 text-right text-0.65rem text-gray-400 bg-transparent focus:border-gray-200 outline-none border-none font-sans appearence-none\\"></div>
        <div class=\\"flex items-center bg-gray-100 rounded w-1/3 w-1/2\\"><span class=\\"font-bold px-1 py-1 text-0.65rem text-gray-300\\">z</span><input id=\\"position-z\\" type=\\"number\\" step=\\"1\\" class=\\"w-full px-0 p-1 text-right text-0.65rem text-gray-400 bg-transparent focus:border-gray-200 outline-none border-none font-sans appearence-none\\"></div>
      </div>
    </div>
  </div>
</div>"
`;
